com/faction/elements/CustomField.class
com/faction/interfaces/_Assessment.class
com/faction/interfaces/_Campaign.class
com/faction/extender/VerificationManager.class
com/faction/elements/Vulnerability.class
com/faction/interfaces/_Category.class
com/faction/extender/VulnerabilityManager$Operation.class
com/faction/extender/ApplicationInventory.class
com/faction/extender/AssessmentManager$Operation.class
com/faction/elements/Assessment.class
com/faction/interfaces/_CustomType.class
com/faction/extender/VerificationManager$Operation.class
com/faction/interfaces/_FinalReport.class
com/faction/extender/InventoryResult.class
com/faction/extender/VulnerabilityManager.class
com/faction/interfaces/_Vulnerability.class
com/faction/interfaces/_Teams.class
com/faction/elements/CustomType.class
com/faction/elements/Campaign.class
com/faction/elements/User.class
com/faction/interfaces/_AssessmentType.class
com/faction/extender/AssessmentManager.class
com/faction/elements/CustomType$ObjType.class
com/faction/interfaces/_User.class
com/faction/interfaces/_CustomField.class
