/Users/joshsummitt/Code/FactionExtender/FactionExtender/src/com/faction/interfaces/_Vulnerability.java
/Users/joshsummitt/Code/FactionExtender/FactionExtender/src/com/faction/extender/VerificationManager.java
/Users/joshsummitt/Code/FactionExtender/FactionExtender/src/com/faction/extender/InventoryResult.java
/Users/joshsummitt/Code/FactionExtender/FactionExtender/src/com/faction/interfaces/_User.java
/Users/joshsummitt/Code/FactionExtender/FactionExtender/src/com/faction/elements/CustomField.java
/Users/joshsummitt/Code/FactionExtender/FactionExtender/src/com/faction/interfaces/_Category.java
/Users/joshsummitt/Code/FactionExtender/FactionExtender/src/com/faction/interfaces/_CustomType.java
/Users/joshsummitt/Code/FactionExtender/FactionExtender/src/com/faction/elements/CustomType.java
/Users/joshsummitt/Code/FactionExtender/FactionExtender/src/com/faction/interfaces/_Teams.java
/Users/joshsummitt/Code/FactionExtender/FactionExtender/src/com/faction/interfaces/_FinalReport.java
/Users/joshsummitt/Code/FactionExtender/FactionExtender/src/com/faction/interfaces/_Assessment.java
/Users/joshsummitt/Code/FactionExtender/FactionExtender/src/com/faction/extender/AssessmentManager.java
/Users/joshsummitt/Code/FactionExtender/FactionExtender/src/com/faction/extender/VulnerabilityManager.java
/Users/joshsummitt/Code/FactionExtender/FactionExtender/src/com/faction/elements/Assessment.java
/Users/joshsummitt/Code/FactionExtender/FactionExtender/src/com/faction/interfaces/_AssessmentType.java
/Users/joshsummitt/Code/FactionExtender/FactionExtender/src/com/faction/elements/Vulnerability.java
/Users/joshsummitt/Code/FactionExtender/FactionExtender/src/com/faction/elements/Campaign.java
/Users/joshsummitt/Code/FactionExtender/FactionExtender/src/com/faction/interfaces/_CustomField.java
/Users/joshsummitt/Code/FactionExtender/FactionExtender/src/com/faction/extender/ApplicationInventory.java
/Users/joshsummitt/Code/FactionExtender/FactionExtender/src/com/faction/interfaces/_Campaign.java
/Users/joshsummitt/Code/FactionExtender/FactionExtender/src/com/faction/elements/User.java
